// Jest Snapshot v1, https://goo.gl/fbAQLP

exports[`App Render App 1`] = `
<div
  className="flex flex-col mt-20 items-center"
  style={
    Object {
      "opacity": 0,
      "transform": "scale(10) translateZ(0)",
    }
  }
>
  <div
    className="flex w-full p-10 justify-center"
  >
    <a
      href="/"
    >
      <img
        alt="logo"
        className="w-48"
        src="logo.png"
      />
    </a>
  </div>
  <div
    className="flex items-center justify-center space-x-3"
  >
    <a
      className="bg-custom-white-500 text-custom-grey-500 border border-custom-green-500 hover:bg-custom-green-500 hover:text-white font-bold py-2 px-4 rounded focus:outline-none"
      exact="true"
      href="/signin"
      onClick={[Function]}
    >
      Sign In
    </a>
    <a
      className="bg-custom-white-500 text-custom-grey-500 border border-custom-green-500 hover:bg-custom-green-500 hover:text-white font-bold py-2 px-4 rounded focus:outline-none"
      exact="true"
      href="/signup"
      onClick={[Function]}
    >
      Register
    </a>
  </div>
</div>
`;
