// Jest Snapshot v1, https://goo.gl/fbAQLP

exports[`App Render App 1`] = `
<div
  className="flex"
>
  <div>
    <button
      aria-controls="mobile-menu"
      aria-expanded="false"
      className="m-5 inline-flex items-center p-2 ml-3 text-sm text-custom-green-500 rounded-lg lg:hidden focus:outline-none focus:ring-2 focus:ring-custom-green-500"
      onClick={[Function]}
      type="button"
    >
      <svg
        aria-hidden="true"
        className="w-6 h-6 z-20"
        fill="currentColor"
        viewBox="0 0 20 20"
        xmlns="http://www.w3.org/2000/svg"
      >
        <path
          clipRule="evenodd"
          d="M3 5a1 1 0 011-1h12a1 1 0 110 2H4a1 1 0 01-1-1zM3 10a1 1 0 011-1h12a1 1 0 110 2H4a1 1 0 01-1-1zM3 15a1 1 0 011-1h12a1 1 0 110 2H4a1 1 0 01-1-1z"
          fillRule="evenodd"
        />
      </svg>
      <svg
        aria-hidden="true"
        className="hidden"
        fill="currentColor"
        viewBox="0 0 20 20"
        xmlns="http://www.w3.org/2000/svg"
      >
        <path
          clipRule="evenodd"
          d="M4.293 4.293a1 1 0 011.414 0L10 8.586l4.293-4.293a1 1 0 111.414 1.414L11.414 10l4.293 4.293a1 1 0 01-1.414 1.414L10 11.414l-4.293 4.293a1 1 0 01-1.414-1.414L8.586 10 4.293 5.707a1 1 0 010-1.414z"
          fillRule="evenodd"
        />
      </svg>
    </button>
    <div
      className="hidden"
      style={Object {}}
    >
      <div
        className="w-full mt-20 space-y-1"
      >
        <a
          aria-current="page"
          className="flex flex-col bg-custom-grey-500 text-custom-white-500 text-xl font-bold h-16 justify-center p-5"
          exact="true"
          href="/"
          onClick={[Function]}
        >
          <p>
            All Developers
          </p>
        </a>
        <a
          className="flex flex-col bg-custom-white-500 text-custom-grey-500 text-xl font-bold justify-center h-16 p-5 hover:text-custom-white-500 hover:bg-custom-grey-500"
          exact="true"
          href="/reservations"
          onClick={[Function]}
        >
          <p>
            Manage Reservations
          </p>
        </a>
        <a
          className="flex flex-col bg-custom-white-500 text-custom-grey-500 text-xl font-bold justify-center h-16 p-5 hover:text-custom-white-500 hover:bg-custom-grey-500"
          exact="true"
          href="/add-developer"
          onClick={[Function]}
        >
          <p>
            Add New Developer
          </p>
        </a>
        <a
          className="flex flex-col bg-custom-white-500 text-custom-grey-500 text-xl font-bold justify-center h-16 p-5 hover:text-custom-white-500 hover:bg-custom-grey-500"
          exact="true"
          href="/delete-developer"
          onClick={[Function]}
        >
          <p>
            Delete Developer
          </p>
        </a>
        <div
          className="flex items-center justify-center pt-20"
        >
          <button
            className="bg-custom-white-500 text-custom-grey-500 border border-custom-green-500 hover:bg-custom-grey-500 hover:text-white font-bold py-2 px-4 rounded focus:outline-none"
            onClick={[Function]}
            type="button"
          >
            Logout
          </button>
        </div>
        <div
          className="text-custom-green-500 p-2 bg-custom-grey-500 flex items-center justify-center absolute bottom-0 w-full"
        >
          <p>
            Logged in as: John Doe
          </p>
        </div>
      </div>
    </div>
  </div>
  <div
    className="hidden lg:block text-custom-white-500 p-2 bg-custom-green-500 absolute top-0 right-0 z-10"
  >
    <p>
      Logged in as: John Doe
    </p>
  </div>
  <div
    className="hidden lg:flex flex-col p-5 pr-0 items-center bg-custom-white-500 h-screen w-1/5 shadow-xl"
  >
    <a
      className="w-24"
      href="/"
    >
      <img
        alt="logo"
        className="object-contain"
        src="logo.png"
      />
    </a>
    <div
      className="w-full pl-10 mt-20 space-y-1"
    >
      <a
        aria-current="page"
        className="flex flex-col bg-custom-green-500 text-custom-white-500 text-xl font-bold h-16 justify-center p-5"
        exact="true"
        href="/"
        onClick={[Function]}
      >
        <p>
          All Developers
        </p>
      </a>
      <a
        className="flex flex-col bg-custom-white-500 text-custom-grey-500 text-xl font-bold justify-center h-16 p-5 hover:text-custom-white-500 hover:bg-custom-green-500"
        exact="true"
        href="/reservations"
        onClick={[Function]}
      >
        <p>
          Manage Reservations
        </p>
      </a>
      <a
        className="flex flex-col bg-custom-white-500 text-custom-grey-500 text-xl font-bold justify-center h-16 p-5 hover:text-custom-white-500 hover:bg-custom-green-500"
        exact="true"
        href="/add-developer"
        onClick={[Function]}
      >
        <p>
          Add New Developer
        </p>
      </a>
      <a
        className="flex flex-col bg-custom-white-500 text-custom-grey-500 text-xl font-bold justify-center h-16 p-5 hover:text-custom-white-500 hover:bg-custom-green-500"
        exact="true"
        href="/delete-developer"
        onClick={[Function]}
      >
        <p>
          Delete Developer
        </p>
      </a>
    </div>
    <div
      className="flex items-center justify-center mt-20"
    >
      <button
        className="bg-custom-white-500 text-custom-grey-500 border border-custom-green-500 hover:bg-custom-green-500 hover:text-white font-bold py-2 px-4 rounded focus:outline-none"
        onClick={[Function]}
        type="button"
      >
        Logout
      </button>
    </div>
    <div
      className="flex flex-col items-center gap-4 mt-auto"
    >
      <div
        className="flex gap-x-6"
      >
        <a
          href="https://www.google.com/"
        >
          <svg
            aria-hidden="true"
            className="svg-inline--fa fa-twitter text-custom-grey-500 text-xl hover:text-custom-green-500"
            data-icon="twitter"
            data-prefix="fab"
            focusable="false"
            role="img"
            style={Object {}}
            viewBox="0 0 512 512"
            xmlns="http://www.w3.org/2000/svg"
          >
            <path
              d="M459.4 151.7c.325 4.548 .325 9.097 .325 13.65 0 138.7-105.6 298.6-298.6 298.6-59.45 0-114.7-17.22-161.1-47.11 8.447 .974 16.57 1.299 25.34 1.299 49.06 0 94.21-16.57 130.3-44.83-46.13-.975-84.79-31.19-98.11-72.77 6.498 .974 12.99 1.624 19.82 1.624 9.421 0 18.84-1.3 27.61-3.573-48.08-9.747-84.14-51.98-84.14-102.1v-1.299c13.97 7.797 30.21 12.67 47.43 13.32-28.26-18.84-46.78-51.01-46.78-87.39 0-19.49 5.197-37.36 14.29-52.95 51.65 63.67 129.3 105.3 216.4 109.8-1.624-7.797-2.599-15.92-2.599-24.04 0-57.83 46.78-104.9 104.9-104.9 30.21 0 57.5 12.67 76.67 33.14 23.72-4.548 46.46-13.32 66.6-25.34-7.798 24.37-24.37 44.83-46.13 57.83 21.12-2.273 41.58-8.122 60.43-16.24-14.29 20.79-32.16 39.31-52.63 54.25z"
              fill="currentColor"
              style={Object {}}
            />
          </svg>
        </a>
        <a
          href="https://www.google.com/"
        >
          <svg
            aria-hidden="true"
            className="svg-inline--fa fa-facebook text-custom-grey-500 text-xl hover:text-custom-green-500"
            data-icon="facebook"
            data-prefix="fab"
            focusable="false"
            role="img"
            style={Object {}}
            viewBox="0 0 512 512"
            xmlns="http://www.w3.org/2000/svg"
          >
            <path
              d="M504 256C504 119 393 8 256 8S8 119 8 256c0 123.8 90.69 226.4 209.3 245V327.7h-63V256h63v-54.64c0-62.15 37-96.48 93.67-96.48 27.14 0 55.52 4.84 55.52 4.84v61h-31.28c-30.8 0-40.41 19.12-40.41 38.73V256h68.78l-11 71.69h-57.78V501C413.3 482.4 504 379.8 504 256z"
              fill="currentColor"
              style={Object {}}
            />
          </svg>
        </a>
        <a
          href="https://www.google.com/"
        >
          <svg
            aria-hidden="true"
            className="svg-inline--fa fa-google text-custom-grey-500 text-xl hover:text-custom-green-500"
            data-icon="google"
            data-prefix="fab"
            focusable="false"
            role="img"
            style={Object {}}
            viewBox="0 0 488 512"
            xmlns="http://www.w3.org/2000/svg"
          >
            <path
              d="M488 261.8C488 403.3 391.1 504 248 504 110.8 504 0 393.2 0 256S110.8 8 248 8c66.8 0 123 24.5 166.3 64.9l-67.5 64.9C258.5 52.6 94.3 116.6 94.3 256c0 86.5 69.1 156.6 153.7 156.6 98.2 0 135-70.4 140.8-106.9H248v-85.3h236.1c2.3 12.7 3.9 24.9 3.9 41.4z"
              fill="currentColor"
              style={Object {}}
            />
          </svg>
        </a>
        <a
          href="https://www.google.com/"
        >
          <svg
            aria-hidden="true"
            className="svg-inline--fa fa-youtube text-custom-grey-500 text-xl hover:text-custom-green-500"
            data-icon="youtube"
            data-prefix="fab"
            focusable="false"
            role="img"
            style={Object {}}
            viewBox="0 0 576 512"
            xmlns="http://www.w3.org/2000/svg"
          >
            <path
              d="M549.7 124.1c-6.281-23.65-24.79-42.28-48.28-48.6C458.8 64 288 64 288 64S117.2 64 74.63 75.49c-23.5 6.322-42 24.95-48.28 48.6-11.41 42.87-11.41 132.3-11.41 132.3s0 89.44 11.41 132.3c6.281 23.65 24.79 41.5 48.28 47.82C117.2 448 288 448 288 448s170.8 0 213.4-11.49c23.5-6.321 42-24.17 48.28-47.82 11.41-42.87 11.41-132.3 11.41-132.3s0-89.44-11.41-132.3zm-317.5 213.5V175.2l142.7 81.21-142.7 81.2z"
              fill="currentColor"
              style={Object {}}
            />
          </svg>
        </a>
        <a
          href="https://www.google.com/"
        >
          <svg
            aria-hidden="true"
            className="svg-inline--fa fa-pinterest text-custom-grey-500 text-xl hover:text-custom-green-500"
            data-icon="pinterest"
            data-prefix="fab"
            focusable="false"
            role="img"
            style={Object {}}
            viewBox="0 0 496 512"
            xmlns="http://www.w3.org/2000/svg"
          >
            <path
              d="M496 256c0 137-111 248-248 248-25.6 0-50.2-3.9-73.4-11.1 10.1-16.5 25.2-43.5 30.8-65 3-11.6 15.4-59 15.4-59 8.1 15.4 31.7 28.5 56.8 28.5 74.8 0 128.7-68.8 128.7-154.3 0-81.9-66.9-143.2-152.9-143.2-107 0-163.9 71.8-163.9 150.1 0 36.4 19.4 81.7 50.3 96.1 4.7 2.2 7.2 1.2 8.3-3.3 .8-3.4 5-20.3 6.9-28.1 .6-2.5 .3-4.7-1.7-7.1-10.1-12.5-18.3-35.3-18.3-56.6 0-54.7 41.4-107.6 112-107.6 60.9 0 103.6 41.5 103.6 100.9 0 67.1-33.9 113.6-78 113.6-24.3 0-42.6-20.1-36.7-44.8 7-29.5 20.5-61.3 20.5-82.6 0-19-10.2-34.9-31.4-34.9-24.9 0-44.9 25.7-44.9 60.2 0 22 7.4 36.8 7.4 36.8s-24.5 103.8-29 123.2c-5 21.4-3 51.6-.9 71.2C65.4 450.9 0 361.1 0 256 0 119 111 8 248 8s248 111 248 248z"
              fill="currentColor"
              style={Object {}}
            />
          </svg>
        </a>
      </div>
      <div>
        © Copyright 2022
      </div>
    </div>
  </div>
  <div
    className="flex flex-col items-center h-screen w-full overflow-y-scroll"
  >
    <h1
      className="text-4xl text-custom-grey-500"
    >
      Delete a Developer
    </h1>
  </div>
</div>
`;
