// Jest Snapshot v1, https://goo.gl/fbAQLP

exports[`App Render App 1`] = `"Wait a moment while we fetch data"`;
